// Jest Snapshot v1, https://goo.gl/fbAQLP

exports[`matches snapshot 1`] = `
<div>
  <button>
    Test Sound
  </button>
  <p />
</div>
`;
